
> odcrm-server@1.0.0 build
> tsc

src/routes/campaigns.ts(348,9): error TS2322: Type '{ campaignId: string; contactId: any; senderIdentityId: string; lastStatus: "pending"; }[]' is not assignable to type 'email_campaign_prospectsCreateManyInput | email_campaign_prospectsCreateManyInput[]'.
  Type '{ campaignId: string; contactId: any; senderIdentityId: string; lastStatus: "pending"; }[]' is not assignable to type 'email_campaign_prospectsCreateManyInput[]'.
    Type '{ campaignId: string; contactId: any; senderIdentityId: string; lastStatus: "pending"; }' is missing the following properties from type 'email_campaign_prospectsCreateManyInput': id, updatedAt
src/routes/campaigns.ts(500,9): error TS2561: Object literal may only specify known properties, but 'campaignProspect' does not exist in type 'email_message_metadataWhereInput'. Did you mean to write 'campaignProspectId'?
src/routes/customers.ts(65,12): error TS2552: Cannot find name 'contacts'. Did you mean 'contact'?
src/routes/customers.ts(102,12): error TS2552: Cannot find name 'contacts'. Did you mean 'contact'?
src/routes/outlook.ts(353,9): error TS2322: Type '{ customerId: string; emailAddress: string; displayName: string; provider: string; outlookTenantId: any; outlookUserId: string; accessToken: string; refreshToken: string; tokenExpiresAt: Date; isActive: true; dailySendLimit: number; }' is not assignable to type '(Without<email_identitiesCreateInput, email_identitiesUncheckedCreateInput> & email_identitiesUncheckedCreateInput) | (Without<...> & email_identitiesCreateInput)'.
  Type '{ customerId: string; emailAddress: string; displayName: string; provider: string; outlookTenantId: any; outlookUserId: string; accessToken: string; refreshToken: string; tokenExpiresAt: Date; isActive: true; dailySendLimit: number; }' is not assignable to type 'Without<email_identitiesUncheckedCreateInput, email_identitiesCreateInput> & email_identitiesCreateInput'.
    Type '{ customerId: string; emailAddress: string; displayName: string; provider: string; outlookTenantId: any; outlookUserId: string; accessToken: string; refreshToken: string; tokenExpiresAt: Date; isActive: true; dailySendLimit: number; }' is not assignable to type 'Without<email_identitiesUncheckedCreateInput, email_identitiesCreateInput>'.
      Types of property 'customerId' are incompatible.
        Type 'string' is not assignable to type 'never'.
src/routes/schedules.ts(26,33): error TS2339: Property 'emailSendSchedule' does not exist on type 'PrismaClient<PrismaClientOptions, never, DefaultArgs>'.
src/routes/schedules.ts(31,17): error TS2339: Property 'emailSendSchedule' does not exist on type 'PrismaClient<PrismaClientOptions, never, DefaultArgs>'.
src/routes/schedules.ts(47,36): error TS2339: Property 'emailSendSchedule' does not exist on type 'PrismaClient<PrismaClientOptions, never, DefaultArgs>'.
src/routes/schedules.ts(66,34): error TS2339: Property 'emailSendSchedule' does not exist on type 'PrismaClient<PrismaClientOptions, never, DefaultArgs>'.
src/routes/schedules.ts(81,35): error TS2339: Property 'emailSendSchedule' does not exist on type 'PrismaClient<PrismaClientOptions, never, DefaultArgs>'.
src/routes/schedules.ts(88,34): error TS2339: Property 'emailSendSchedule' does not exist on type 'PrismaClient<PrismaClientOptions, never, DefaultArgs>'.
src/routes/schedules.ts(104,35): error TS2339: Property 'emailSendSchedule' does not exist on type 'PrismaClient<PrismaClientOptions, never, DefaultArgs>'.
src/routes/sequences.ts(49,21): error TS2353: Object literal may only specify known properties, and 'steps' does not exist in type 'Email_sequencesCountOutputTypeSelect<DefaultArgs>'.
src/routes/sequences.ts(61,22): error TS2339: Property '_count' does not exist on type '{ name: string; description: string; id: string; customerId: string; createdAt: Date; updatedAt: Date; }'.
src/routes/sequences.ts(81,9): error TS2353: Object literal may only specify known properties, and 'steps' does not exist in type 'email_sequencesInclude<DefaultArgs>'.
src/routes/sequences.ts(98,23): error TS2339: Property 'steps' does not exist on type '{ name: string; description: string; id: string; customerId: string; createdAt: Date; updatedAt: Date; }'.
src/routes/sequences.ts(126,9): error TS2353: Object literal may only specify known properties, and 'steps' does not exist in type '(Without<email_sequencesCreateInput, email_sequencesUncheckedCreateInput> & email_sequencesUncheckedCreateInput) | (Without<...> & email_sequencesCreateInput)'.
src/routes/sequences.ts(141,9): error TS2353: Object literal may only specify known properties, and 'steps' does not exist in type 'email_sequencesInclude<DefaultArgs>'.
src/routes/sequences.ts(152,27): error TS2339: Property 'steps' does not exist on type '{ name: string; description: string; id: string; customerId: string; createdAt: Date; updatedAt: Date; }'.
src/routes/sequences.ts(155,23): error TS2339: Property 'steps' does not exist on type '{ name: string; description: string; id: string; customerId: string; createdAt: Date; updatedAt: Date; }'.
src/routes/sequences.ts(189,21): error TS2353: Object literal may only specify known properties, and 'steps' does not exist in type 'Email_sequencesCountOutputTypeSelect<DefaultArgs>'.
src/routes/sequences.ts(199,27): error TS2339: Property '_count' does not exist on type '{ name: string; description: string; id: string; customerId: string; createdAt: Date; updatedAt: Date; }'.
src/routes/tracking.ts(68,9): error TS2561: Object literal may only specify known properties, but 'contact' does not exist in type 'email_campaign_prospectsInclude<DefaultArgs>'. Did you mean to write 'contacts'?
src/services/outlookEmailService.ts(2,10): error TS2724: '"@prisma/client"' has no exported member named 'EmailIdentity'. Did you mean 'email_identities'?
src/services/outlookEmailService.ts(2,25): error TS2724: '"@prisma/client"' has no exported member named 'EmailMessageMetadata'. Did you mean 'email_message_metadata'?
src/services/outlookEmailService.ts(39,41): error TS2304: Cannot find name 'email_identities'.
src/services/outlookEmailService.ts(69,45): error TS2304: Cannot find name 'email_identities'.
src/services/smtpMailer.ts(7,15): error TS2724: '"@prisma/client"' has no exported member named 'EmailIdentity'. Did you mean 'email_identities'?
src/services/smtpMailer.ts(73,13): error TS2304: Cannot find name 'email_identities'.
src/workers/campaignSender.ts(49,7): error TS2561: Object literal may only specify known properties, but 'campaign' does not exist in type 'email_campaign_prospectsWhereInput'. Did you mean to write 'campaignId'?
src/workers/campaignSender.ts(61,7): error TS2561: Object literal may only specify known properties, but 'campaign' does not exist in type 'email_campaign_prospectsSelect<DefaultArgs>'. Did you mean to write 'campaignId'?
src/workers/campaignSender.ts(144,9): error TS2353: Object literal may only specify known properties, and 'steps' does not exist in type 'email_sequencesInclude<DefaultArgs>'.
src/workers/campaignSender.ts(150,31): error TS2339: Property 'email_sequence_steps' does not exist on type '{ name: string; description: string; id: string; customerId: string; createdAt: Date; updatedAt: Date; }'.
src/workers/campaignSender.ts(164,9): error TS2561: Object literal may only specify known properties, but 'campaign' does not exist in type 'email_eventsWhereInput'. Did you mean to write 'campaignId'?
src/workers/campaignSender.ts(184,9): error TS2561: Object literal may only specify known properties, but 'contact' does not exist in type 'email_campaign_prospectsInclude<DefaultArgs>'. Did you mean to write 'contacts'?
src/workers/campaignSender.ts(192,32): error TS2551: Property 'contacts' does not exist on type '{ senderIdentityId: string; id: string; createdAt: Date; updatedAt: Date; campaignId: string; contactId: string; step1ScheduledAt: Date; step1SentAt: Date; step2ScheduledAt: Date; ... 8 more ...; lastReplySnippet: string; }'. Did you mean 'contactId'?
src/workers/campaignSender.ts(195,29): error TS2339: Property 'email_sequence_steps' does not exist on type '{ name: string; description: string; id: string; customerId: string; createdAt: Date; updatedAt: Date; }'.
src/workers/emailScheduler.ts(30,7): error TS2353: Object literal may only specify known properties, and 'senderIdentity' does not exist in type 'email_campaignsInclude<DefaultArgs>'.
src/workers/emailScheduler.ts(85,9): error TS2561: Object literal may only specify known properties, but 'campaign' does not exist in type 'email_eventsWhereInput'. Did you mean to write 'campaignId'?
src/workers/emailScheduler.ts(95,37): error TS2339: Property 'email_identities' does not exist on type '{ name: string; description: string; senderIdentityId: string; sendWindowHoursStart: number; sendWindowHoursEnd: number; randomizeWithinHours: number; followUpDelayDaysMin: number; followUpDelayDaysMax: number; ... 6 more ...; sequenceId: string; }'.
src/workers/emailScheduler.ts(106,9): error TS2561: Object literal may only specify known properties, but 'campaign' does not exist in type 'email_eventsWhereInput'. Did you mean to write 'campaignId'?
src/workers/emailScheduler.ts(139,43): error TS2339: Property 'email_identities' does not exist on type '{ name: string; description: string; senderIdentityId: string; sendWindowHoursStart: number; sendWindowHoursEnd: number; randomizeWithinHours: number; followUpDelayDaysMin: number; followUpDelayDaysMax: number; ... 6 more ...; sequenceId: string; }'.
src/workers/emailScheduler.ts(146,15): error TS2561: Object literal may only specify known properties, but 'campaign' does not exist in type 'email_eventsWhereInput'. Did you mean to write 'campaignId'?
src/workers/emailScheduler.ts(162,41): error TS2339: Property 'email_campaign_templates' does not exist on type '{ name: string; description: string; senderIdentityId: string; sendWindowHoursStart: number; sendWindowHoursEnd: number; randomizeWithinHours: number; followUpDelayDaysMin: number; followUpDelayDaysMax: number; ... 6 more ...; sequenceId: string; }'.
src/workers/emailScheduler.ts(212,9): error TS2561: Object literal may only specify known properties, but 'contact' does not exist in type 'email_campaign_prospectsInclude<DefaultArgs>'. Did you mean to write 'contacts'?
src/workers/emailScheduler.ts(218,39): error TS2339: Property 'email_identities' does not exist on type '{ name: string; description: string; senderIdentityId: string; sendWindowHoursStart: number; sendWindowHoursEnd: number; randomizeWithinHours: number; followUpDelayDaysMin: number; followUpDelayDaysMax: number; ... 6 more ...; sequenceId: string; }'.
src/workers/emailScheduler.ts(234,9): error TS2561: Object literal may only specify known properties, but 'contact' does not exist in type 'email_campaign_prospectsInclude<DefaultArgs>'. Did you mean to write 'contacts'?
src/workers/emailScheduler.ts(240,39): error TS2339: Property 'email_identities' does not exist on type '{ name: string; description: string; senderIdentityId: string; sendWindowHoursStart: number; sendWindowHoursEnd: number; randomizeWithinHours: number; followUpDelayDaysMin: number; followUpDelayDaysMax: number; ... 6 more ...; sequenceId: string; }'.
src/workers/emailScheduler.ts(287,42): error TS2322: Type '{ campaignId: any; campaignProspectId: any; type: "sent"; metadata: { step: number; messageId: string; threadId: string; }; occurredAt: Date; }' is not assignable to type '(Without<email_eventsCreateInput, email_eventsUncheckedCreateInput> & email_eventsUncheckedCreateInput) | (Without<...> & email_eventsCreateInput)'.
  Type '{ campaignId: any; campaignProspectId: any; type: "sent"; metadata: { step: number; messageId: string; threadId: string; }; occurredAt: Date; }' is not assignable to type 'Without<email_eventsUncheckedCreateInput, email_eventsCreateInput> & email_eventsCreateInput'.
    Type '{ campaignId: any; campaignProspectId: any; type: "sent"; metadata: { step: number; messageId: string; threadId: string; }; occurredAt: Date; }' is not assignable to type 'Without<email_eventsUncheckedCreateInput, email_eventsCreateInput>'.
      Types of property 'campaignId' are incompatible.
        Type 'any' is not assignable to type 'never'.
src/workers/emailScheduler.ts(335,44): error TS2322: Type '{ campaignId: any; campaignProspectId: any; type: "bounced"; metadata: { error: string; }; occurredAt: Date; }' is not assignable to type '(Without<email_eventsCreateInput, email_eventsUncheckedCreateInput> & email_eventsUncheckedCreateInput) | (Without<...> & email_eventsCreateInput)'.
  Type '{ campaignId: any; campaignProspectId: any; type: "bounced"; metadata: { error: string; }; occurredAt: Date; }' is not assignable to type 'Without<email_eventsUncheckedCreateInput, email_eventsCreateInput> & email_eventsCreateInput'.
    Type '{ campaignId: any; campaignProspectId: any; type: "bounced"; metadata: { error: string; }; occurredAt: Date; }' is not assignable to type 'Without<email_eventsUncheckedCreateInput, email_eventsCreateInput>'.
      Types of property 'campaignId' are incompatible.
        Type 'any' is not assignable to type 'never'.
src/workers/replyDetection.ts(147,18): error TS2353: Object literal may only specify known properties, and 'campaign' does not exist in type 'email_campaign_prospectsInclude<DefaultArgs>'.
src/workers/replyDetection.ts(169,44): error TS2322: Type '{ campaignId: string; campaignProspectId: string; type: "replied"; metadata: { messageId: any; subject: any; fromAddress: any; snippet: string; }; occurredAt: any; }' is not assignable to type '(Without<email_eventsCreateInput, email_eventsUncheckedCreateInput> & email_eventsUncheckedCreateInput) | (Without<...> & email_eventsCreateInput)'.
  Type '{ campaignId: string; campaignProspectId: string; type: "replied"; metadata: { messageId: any; subject: any; fromAddress: any; snippet: string; }; occurredAt: any; }' is not assignable to type 'Without<email_eventsUncheckedCreateInput, email_eventsCreateInput> & email_eventsCreateInput'.
    Type '{ campaignId: string; campaignProspectId: string; type: "replied"; metadata: { messageId: any; subject: any; fromAddress: any; snippet: string; }; occurredAt: any; }' is not assignable to type 'Without<email_eventsUncheckedCreateInput, email_eventsCreateInput>'.
      Types of property 'campaignId' are incompatible.
        Type 'string' is not assignable to type 'never'.
src/workers/replyDetection.ts(199,40): error TS2322: Type '{ campaignId: string; campaignProspectId: string; type: "replied"; metadata: { messageId: any; subject: any; fromAddress: any; snippet: string; }; occurredAt: any; }' is not assignable to type '(Without<email_eventsCreateInput, email_eventsUncheckedCreateInput> & email_eventsUncheckedCreateInput) | (Without<...> & email_eventsCreateInput)'.
  Type '{ campaignId: string; campaignProspectId: string; type: "replied"; metadata: { messageId: any; subject: any; fromAddress: any; snippet: string; }; occurredAt: any; }' is not assignable to type 'Without<email_eventsUncheckedCreateInput, email_eventsCreateInput> & email_eventsCreateInput'.
    Type '{ campaignId: string; campaignProspectId: string; type: "replied"; metadata: { messageId: any; subject: any; fromAddress: any; snippet: string; }; occurredAt: any; }' is not assignable to type 'Without<email_eventsUncheckedCreateInput, email_eventsCreateInput>'.
      Types of property 'campaignId' are incompatible.
        Type 'string' is not assignable to type 'never'.
